// Jest Snapshot v1, https://goo.gl/fbAQLP

exports[`.not.toHaveAllMembers fails when array values matches the members of the set 1`] = `"(0 , _jestMatcherUtils.printRecieved) is not a function"`;

exports[`.toHaveAllMembers fails when array values do not contain any of the members of the set 1`] = `"(0 , _jestMatcherUtils.printRecieved) is not a function"`;

exports[`.toHaveAllMembers fails when expected object is not an array 1`] = `"(0 , _jestMatcherUtils.printRecieved) is not a function"`;

exports[`.toHaveAllMembers fails when given object is not an array 1`] = `"(0 , _jestMatcherUtils.printRecieved) is not a function"`;
