// Vitest Snapshot v1, https://vitest.dev/guide/snapshot.html

exports[`.not.toBeFalse > fails when given false 1`] = `
"[2mexpect([22m[31mreceived[39m[2m).not.toBeFalse()[22m

Expected value to not be false received:
  [31mfalse[39m"
`;

exports[`.toBeFalse > fails when not given false 1`] = `
"[2mexpect([22m[31mreceived[39m[2m).toBeFalse()[22m

Expected value to be false:
  [32mfalse[39m
Received:
  [31mtrue[39m"
`;
