// Vitest Snapshot v1, https://vitest.dev/guide/snapshot.html

exports[`.not.toBeEmpty > fails when given empty string 1`] = `
"[2mexpect([22m[31mreceived[39m[2m).not.toBeEmpty()[22m

Expected value to not be empty received:
  [31m\\"\\"[39m"
`;

exports[`.toBeEmpty > fails when given non-empty string 1`] = `
"[2mexpect([22m[31mreceived[39m[2m).toBeEmpty()[22m

Expected value to be empty received:
  [31m\\"string\\"[39m"
`;
