// Jest Snapshot v1, https://goo.gl/fbAQLP

exports[`.not.toBeWithin fails when given number is within the given bounds of start (inclusive) and end (exclusive) 1`] = `
"<dim>expect(</intensity><red>received</color><dim>).not.toBeWithin(</intensity><green>expected</color><dim>)</intensity>

Expected number to not be within start (inclusive) and end (exclusive):
  start: <green>1</color>  end: <green>3</color>
Received:
  <red>1</color>"
`;

exports[`.toBeWithin fails when given number is not within the given bounds of start (inclusive) and end (exclusive) 1`] = `
"<dim>expect(</intensity><red>received</color><dim>).toBeWithin(</intensity><green>expected</color><dim>)</intensity>

Expected number to be within start (inclusive) and end (exclusive):
  start: <green>1</color>  end: <green>3</color>
Received:
  <red>3</color>"
`;
