// Vitest Snapshot v1, https://vitest.dev/guide/snapshot.html

exports[`.not.toBeTrue > fails when given true 1`] = `
"[2mexpect([22m[31mreceived[39m[2m).not.toBeTrue()[22m

Expected value to not be true received:
  [31mtrue[39m"
`;

exports[`.toBeTrue > fails when not given true 1`] = `
"[2mexpect([22m[31mreceived[39m[2m).toBeTrue()[22m

Expected value to be true:
  [32mtrue[39m
Received:
  [31mfalse[39m"
`;
