// Jest Snapshot v1, https://goo.gl/fbAQLP

exports[`.not.toBeTrue fails when given true 1`] = `
"<dim>expect(</intensity><red>received</color><dim>).not.toBeTrue()</intensity>

Expected value to not be true received:
  <red>true</color>"
`;

exports[`.toBeTrue fails when not given true 1`] = `
"<dim>expect(</intensity><red>received</color><dim>).toBeTrue()</intensity>

Expected value to be true:
  <green>true</color>
Received:
  <red>false</color>"
`;
