// Jest Snapshot v1, https://goo.gl/fbAQLP

exports[`.not.toBeNil fails when null is given 1`] = `
"<dim>expect(</intensity><red>received</color><dim>).not.toBeNil()</intensity>

Expected value not to be null or undefined, received:
  <red>null</color>"
`;

exports[`.toBeNil fails when the value is not null or undefined 1`] = `
"<dim>expect(</intensity><red>received</color><dim>).toBeNil()</intensity>

Expected value to be null or undefined, received:
  <red>"value"</color>"
`;
