// Vitest Snapshot v1, https://vitest.dev/guide/snapshot.html

exports[`.not.toBeInteger > fails when given integer 1`] = `
"[2mexpect([22m[31mreceived[39m[2m).not.toBeInteger()[22m

Expected value to not be an integer received:
  [31m1[39m"
`;

exports[`.toBeInteger > fails when given fraction 1`] = `
"[2mexpect([22m[31mreceived[39m[2m).toBeInteger()[22m

Expected value to be an integer received:
  [31m1.5[39m"
`;
