// Vitest Snapshot v1, https://vitest.dev/guide/snapshot.html

exports[`.not.toBeInRange > fails when given array is in the given range 1`] = `
"[2mexpect([22m[31mreceived[39m[2m).not.toBeInRange([22m[32mexpected[39m[2m)[22m

Expected Array to not be in range [32m4[39m, [32m10[39m
Received:
  [31mArray [
  4,
  5,
  7,
  9,
][39m"
`;

exports[`.toBeInRange > fails when given array is not in a given range 1`] = `
"[2mexpect([22m[31mreceived[39m[2m).toBeInRange([22m[32mexpected[39m[2m)[22m

Expected: Array elements to be in range ([32m4[39m, [32m8[39m)
Received: Array element out of range [31m9[39m"
`;
