// Vitest Snapshot v1, https://vitest.dev/guide/snapshot.html

exports[`.not.toBeSealed > fails when given sealed object 1`] = `
"[2mexpect([22m[31mreceived[39m[2m).not.toBeSealed()[22m

Expected object to be not sealed"
`;

exports[`.toBeSealed > fails when given a non-sealed object 1`] = `
"[2mexpect([22m[31mreceived[39m[2m).toBeSealed()[22m

Expected object to not sealed"
`;
