// Vitest Snapshot v1, https://vitest.dev/guide/snapshot.html

exports[`.not.toBeDate > fails when given a date 1`] = `
"[2mexpect([22m[31mreceived[39m[2m).not.toBeDate()[22m

Expected value to not be a date received:
  [31m2018-01-01T13:00:00.000Z[39m"
`;

exports[`.toBeDate > fails when not given a date 1`] = `
"[2mexpect([22m[31mreceived[39m[2m).toBeDate()[22m

Expected value to be a date received:
  [31mfalse[39m"
`;
