// Vitest Snapshot v1, https://vitest.dev/guide/snapshot.html

exports[`.not.toBeDateString > fails when given a date string 1`] = `
"[2mexpect([22m[31mreceived[39m[2m).not.toBeDateString()[22m

Expected value to not be a date string received:
  [31m\\"2018-01-01T13:00:00.000Z\\"[39m"
`;

exports[`.toBeDateString > fails when not given a date string 1`] = `
"[2mexpect([22m[31mreceived[39m[2m).toBeDateString()[22m

Expected value to be a date string received:
  [31m\\"not a date\\"[39m"
`;
