// Jest Snapshot v1, https://goo.gl/fbAQLP

exports[`.not.toBeAfter fails when given a later date 1`] = `
"<dim>expect(</intensity><red>received</color><dim>).not.toBeAfter()</intensity>

Expected date to be after <red>2018-06-01T22:00:00.000Z</color> but received:
  <red>2018-06-02T22:00:00.000Z</color>"
`;

exports[`.toBeAfter fails when given an earlier date 1`] = `
"<dim>expect(</intensity><red>received</color><dim>).toBeAfter()</intensity>

Expected date to be after <red>2018-06-02T22:00:00.000Z</color> but received:
  <red>2018-06-01T22:00:00.000Z</color>"
`;
