// Vitest Snapshot v1, https://vitest.dev/guide/snapshot.html

exports[`.not.toBeBefore > fails when date is in given range 1`] = `
"[2mexpect([22m[31mreceived[39m[2m).not.toBeBetween()[22m

Expected date to be between [31m2019-09-01T22:00:00.000Z[39m and [31m2019-09-10T22:00:00.000Z[39m but received:
  [31m2019-09-03T22:00:00.000Z[39m"
`;

exports[`.toBeBetween > fails when date is not in given range 1`] = `
"[2mexpect([22m[31mreceived[39m[2m).toBeBetween()[22m

Expected date to be between [31m2019-09-03T22:00:00.000Z[39m and [31m2019-09-10T22:00:00.000Z[39m but received:
  [31m2019-09-01T22:00:00.000Z[39m"
`;
