// Jest Snapshot v1, https://goo.gl/fbAQLP

exports[`.not.toBeSealed fails when given sealed object 1`] = `
"<dim>expect(</intensity><red>received</color><dim>).not.toBeSealed()</intensity>

Expected object to be not sealed"
`;

exports[`.toBeSealed fails when given a non-sealed object 1`] = `
"<dim>expect(</intensity><red>received</color><dim>).toBeSealed()</intensity>

Expected object to not sealed"
`;
