// Vitest Snapshot v1, https://vitest.dev/guide/snapshot.html

exports[`.not.toBeWithin > fails when given number is within the given bounds of start (inclusive) and end (exclusive) 1`] = `
"[2mexpect([22m[31mreceived[39m[2m).not.toBeWithin([22m[32mexpected[39m[2m)[22m

Expected number to not be within start (inclusive) and end (exclusive):
  start: [32m1[39m  end: [32m3[39m
Received:
  [31m1[39m"
`;

exports[`.toBeWithin > fails when given number is not within the given bounds of start (inclusive) and end (exclusive) 1`] = `
"[2mexpect([22m[31mreceived[39m[2m).toBeWithin([22m[32mexpected[39m[2m)[22m

Expected number to be within start (inclusive) and end (exclusive):
  start: [32m1[39m  end: [32m3[39m
Received:
  [31m3[39m"
`;
