// Jest Snapshot v1, https://goo.gl/fbAQLP

exports[`.not.toBeHexadecimal fails when given valid hexadecimal 1`] = `
"<dim>expect(</intensity><red>received</color><dim>).not.toBeHexadecimal()</intensity>

Expected value to not be a hexadecimal, received:
  <red>"#eeffee"</color>"
`;

exports[`.toBeHexadecimal fails when given non-string 1`] = `
"<dim>expect(</intensity><red>received</color><dim>).toBeHexadecimal()</intensity>

Expected value to be a hexadecimal, received:
  <red>true</color>"
`;
