// Vitest Snapshot v1, https://vitest.dev/guide/snapshot.html

exports[`.not.toBeNumber > fails when given a number 1`] = `
"[2mexpect([22m[31mreceived[39m[2m).not.toBeNumber()[22m

Expected value to not be a number received:
  [31m1[39m"
`;

exports[`.toBeNumber > fails when not given a number 1`] = `
"[2mexpect([22m[31mreceived[39m[2m).toBeNumber()[22m

Expected value to be a number received:
  [31mfalse[39m"
`;
