// Jest Snapshot v1, https://goo.gl/fbAQLP

exports[`.not.toBeEmpty fails when given empty string 1`] = `
"<dim>expect(</intensity><red>received</color><dim>).not.toBeEmpty()</intensity>

Expected value to not be empty received:
  <red>""</color>"
`;

exports[`.toBeEmpty fails when given non-empty string 1`] = `
"<dim>expect(</intensity><red>received</color><dim>).toBeEmpty()</intensity>

Expected value to be empty received:
  <red>"string"</color>"
`;
