// Vitest Snapshot v1, https://vitest.dev/guide/snapshot.html

exports[`.not.toBeNil > fails when null is given 1`] = `
"[2mexpect([22m[31mreceived[39m[2m).not.toBeNil()[22m

Expected value not to be null or undefined, received:
  [31mnull[39m"
`;

exports[`.toBeNil > fails when the value is not null or undefined 1`] = `
"[2mexpect([22m[31mreceived[39m[2m).toBeNil()[22m

Expected value to be null or undefined, received:
  [31m\\"value\\"[39m"
`;
