// Jest Snapshot v1, https://goo.gl/fbAQLP

exports[`.not.toBeArray fails when given an array 1`] = `
"<dim>expect(</intensity><red>received</color><dim>).not.toBeArray()</intensity>

Expected value to not be an array received:
  <red>[]</color>"
`;

exports[`.toBeArray fails when not given an array 1`] = `
"<dim>expect(</intensity><red>received</color><dim>).toBeArray()</intensity>

Expected value to be an array received:
  <red>false</color>"
`;
