// Jest Snapshot v1, https://goo.gl/fbAQLP

exports[`.not.toBeNumber fails when given a number 1`] = `
"<dim>expect(</intensity><red>received</color><dim>).not.toBeNumber()</intensity>

Expected value to not be a number received:
  <red>1</color>"
`;

exports[`.toBeNumber fails when not given a number 1`] = `
"<dim>expect(</intensity><red>received</color><dim>).toBeNumber()</intensity>

Expected value to be a number received:
  <red>false</color>"
`;
