// Vitest Snapshot v1, https://vitest.dev/guide/snapshot.html

exports[`.not.toBeSymbol > fails when given a symbol 1`] = `
"[2mexpect([22m[31mreceived[39m[2m).not.toBeSymbol()[22m

Expected value to not be a symbol, received:
  [31mSymbol()[39m"
`;

exports[`.toBeSymbol > fails when not given a symbol 1`] = `
"[2mexpect([22m[31mreceived[39m[2m).toBeSymbol()[22m

Expected to receive a symbol, received:
  [31mfalse[39m"
`;
