// Jest Snapshot v1, https://goo.gl/fbAQLP

exports[`.not.toBeWithinRange fails when given array is within the given range 1`] = `
"<dim>expect(</><red>received</><dim>).not.toBeWithinRange(</><green>expected</><dim>)</>

Expected Array to not be in range <green>4</>, <green>9</>
Received:
  <red>[4, 5, 7, 9]</>"
`;

exports[`.toBeWithinRange fails when given array is not within a given range 1`] = `
"<dim>expect(</><red>received</><dim>).toBeWithinRange(</><green>expected</><dim>)</>

Expected: Array elements to be in range (<green>4</>, <green>8</>)
Received: Array element out of range <red>9</>"
`;
