// Jest Snapshot v1, https://goo.gl/fbAQLP

exports[`.not.toBeInteger fails when given integer 1`] = `
"<dim>expect(</intensity><red>received</color><dim>).not.toBeInteger()</intensity>

Expected value to not be an integer received:
  <red>1</color>"
`;

exports[`.toBeInteger fails when given fraction 1`] = `
"<dim>expect(</intensity><red>received</color><dim>).toBeInteger()</intensity>

Expected value to be an integer received:
  <red>1.5</color>"
`;
