// Vitest Snapshot v1, https://vitest.dev/guide/snapshot.html

exports[`.not.toBeFunction > fails when given a function 1`] = `
"[2mexpect([22m[31mreceived[39m[2m).not.toBeFunction()[22m

Expected value to not be a function, received:
  [31m[Function anonymous][39m"
`;

exports[`.toBeFunction > fails when not given a function 1`] = `
"[2mexpect([22m[31mreceived[39m[2m).toBeFunction()[22m

Expected to receive a function, received:
  [31mfalse[39m"
`;
