// Jest Snapshot v1, https://goo.gl/fbAQLP

exports[`.not.toBeFalse fails when given false 1`] = `
"<dim>expect(</intensity><red>received</color><dim>).not.toBeFalse()</intensity>

Expected value to not be false received:
  <red>false</color>"
`;

exports[`.toBeFalse fails when not given false 1`] = `
"<dim>expect(</intensity><red>received</color><dim>).toBeFalse()</intensity>

Expected value to be false:
  <green>false</color>
Received:
  <red>true</color>"
`;
