// Jest Snapshot v1, https://goo.gl/fbAQLP

exports[`.not.toBeFrozen fails when given frozen object 1`] = `
"<dim>expect(</intensity><red>received</color><dim>).not.toBeFrozen()</intensity>

Expected object to not be frozen"
`;

exports[`.toBeFrozen fails when given a non-frozen object 1`] = `
"<dim>expect(</intensity><red>received</color><dim>).toBeFrozen()</intensity>

Expected object to be frozen"
`;
