// Vitest Snapshot v1, https://vitest.dev/guide/snapshot.html

exports[`.not.toBeBefore > fails when given an earlier date 1`] = `
"[2mexpect([22m[31mreceived[39m[2m).not.toBeBefore()[22m

Expected date to be before [31m2018-06-02T22:00:00.000Z[39m but received:
  [31m2018-06-01T22:00:00.000Z[39m"
`;

exports[`.toBeBefore > fails when given a later date 1`] = `
"[2mexpect([22m[31mreceived[39m[2m).toBeBefore()[22m

Expected date to be before [31m2018-06-01T22:00:00.000Z[39m but received:
  [31m2018-06-02T22:00:00.000Z[39m"
`;
