// Jest Snapshot v1, https://goo.gl/fbAQLP

exports[`.not.toContainKey fails when given object contains key 1`] = `
"<dim>expect(</intensity><red>received</color><dim>).not.toContainKey(</intensity><green>expected</color><dim>)</intensity>

Expected object to not contain key:
  <green>"hello"</color>
Received:
  <red>{"hello": "world"}</color>"
`;

exports[`.toContainKey fails when given object does not contain key 1`] = `
"<dim>expect(</intensity><red>received</color><dim>).toContainKey(</intensity><green>expected</color><dim>)</intensity>

Expected object to contain key:
  <green>"missing"</color>
Received:
  <red>{"hello": "world"}</color>"
`;
