// Jest Snapshot v1, https://goo.gl/fbAQLP

exports[`.not.toContainAnyKeys fails when object contains one or more keys 1`] = `
"<dim>expect(</intensity><red>received</color><dim>).not.toContainAnyKeys(</intensity><green>expected</color><dim>)</intensity>

Expected object not to contain any of the following keys:
  <green>["name", "age"]</color>
Received:
  <red>{"age": 37, "name": "Steve the Pirate"}</color>"
`;

exports[`.toContainAnyKeys fails when object does not contain any keys 1`] = `
"<dim>expect(</intensity><red>received</color><dim>).toContainAnyKeys(</intensity><green>expected</color><dim>)</intensity>

Expected object to contain any of the following keys:
  <green>["occupation"]</color>
Received:
  <red>{"age": 37, "name": "Steve the Pirate"}</color>"
`;
