// Jest Snapshot v1, https://goo.gl/fbAQLP

exports[`.not.toContainEntries fails when object contains all of the given entries 1`] = `
"<dim>expect(</intensity><red>received</color><dim>).not.toContainEntries(</intensity><green>expected</color><dim>)</intensity>

Expected object to not contain all of the given entries:
  <green>[["b", "bar"], ["c", "baz"]]</color>
Received:
  <red>{"a": "foo", "b": "bar", "c": "baz"}</color>"
`;

exports[`.toContainEntries fails when object does not contain all of the given entries 1`] = `
"<dim>expect(</intensity><red>received</color><dim>).toContainEntries(</intensity><green>expected</color><dim>)</intensity>

Expected object to contain all of the given entries:
  <green>["b", "foo"]</color>
Received:
  <red>{"a": "foo", "b": "bar", "c": "baz"}</color>"
`;
