// Jest Snapshot v1, https://goo.gl/fbAQLP

exports[`.not.toEqualCaseInsensitive fails if strings do not match 1`] = `
"<dim>expect(</intensity><red>received</color><dim>).not.toEqualCaseInsensitive(</intensity><green>expected</color><dim>)</intensity>

Expected values to not be equal while ignoring case (using ===):
  <green>"aaaa"</color>
Received:
  <red>"aaaa"</color>"
`;

exports[`.toEqualCaseInsensitive passes if strings are equal despite case 1`] = `
"<dim>expect(</intensity><red>received</color><dim>).toEqualCaseInsensitive(</intensity><green>expected</color><dim>)</intensity>

Expected values to be equal while ignoring case (using ===):
  <green>"bbbb"</color>
Received:
  <red>"aaaa"</color>"
`;
