// Vitest Snapshot v1, https://vitest.dev/guide/snapshot.html

exports[`.not.toEqualCaseInsensitive > fails if strings do not match 1`] = `
"[2mexpect([22m[31mreceived[39m[2m).not.toEqualCaseInsensitive([22m[32mexpected[39m[2m)[22m

Expected values to not be equal while ignoring case (using ===):
  [32m\\"aaaa\\"[39m
Received:
  [31m\\"aaaa\\"[39m"
`;

exports[`.toEqualCaseInsensitive > passes if strings are equal despite case 1`] = `
"[2mexpect([22m[31mreceived[39m[2m).toEqualCaseInsensitive([22m[32mexpected[39m[2m)[22m

Expected values to be equal while ignoring case (using ===):
  [32m\\"bbbb\\"[39m
Received:
  [31m\\"aaaa\\"[39m"
`;
