// Jest Snapshot v1, https://goo.gl/fbAQLP

exports[`.not.toIncludeSameMembers fails when array contents match 1`] = `
"<dim>expect(</intensity><red>received</color><dim>).not.toIncludeSameMembers(</intensity><green>expected</color><dim>)</intensity>

Expected list to not exactly match the members of:
  <green>[1]</color>
Received:
  <red>[1]</color>"
`;

exports[`.toIncludeSameMembers fails when the arrays are not equal in length 1`] = `
"<dim>expect(</intensity><red>received</color><dim>).toIncludeSameMembers(</intensity><green>expected</color><dim>)</intensity>

Expected list to have the following members and no more:
  <green>[1]</color>
Received:
  <red>[1, 2]</color>"
`;
