// Jest Snapshot v1, https://goo.gl/fbAQLP

exports[`.toInclude .not.toInclude fails when a string does have a given substring 1`] = `
"<dim>expect(</><red>received</><dim>).not.toInclude(</><green>expected</><dim>)</>

Expected string to not include:
  <green>\\"ell\\"</>
Received:
  <red>\\"hello world\\"</>"
`;

exports[`.toInclude fails when a string does not have a given substring 1`] = `
"<dim>expect(</><red>received</><dim>).toInclude(</><green>expected</><dim>)</>

Expected string to include:
  <green>\\"bob\\"</>
Received:
  <red>\\"hello world\\"</>"
`;
