// Jest Snapshot v1, https://goo.gl/fbAQLP

exports[`.not.toReject fails when passed a promise that rejects 1`] = `
"<dim>expect(</intensity><red>received</color><dim>).not.toReject()</intensity>

Expected promise to resolve, however it rejected.
"
`;

exports[`.toReject fails when passed a promise that resolved 1`] = `
"<dim>expect(</intensity><red>received</color><dim>).toReject()</intensity>

Expected promise to reject, however it resolved.
"
`;
