// Jest Snapshot v1, https://goo.gl/fbAQLP

exports[`.not.toResolve fails when passed a promise that resolved 1`] = `
"<dim>expect(</intensity><red>received</color><dim>).</intensity>true<dim>.</intensity>not<dim>.</intensity>toResolve<dim>()</intensity>

Expected promise to reject, however it resolved with: \\"undefined\\".
"
`;

exports[`.toResolve fails when passed a promise that rejects with a primitive 1`] = `
"<dim>expect(</intensity><red>received</color><dim>).</intensity>true<dim>.</intensity>toResolve<dim>()</intensity>

Expected promise to resolve, however it rejected with: \\"something went wrong\\".
"
`;
