// Jest Snapshot v1, https://goo.gl/fbAQLP

exports[`.not.toSatisfy fails when given a function that returns true 1`] = `
"<dim>expect(</intensity><red>received</color><dim>).not.toSatisfy()</intensity>

Expected value to not satisfy:
  <green>[Function isTrue]</color>
Received:
  <red>true</color>"
`;

exports[`.toSatisfy fails when given function that returns false 1`] = `
"<dim>expect(</intensity><red>received</color><dim>).toSatisfy()</intensity>

Expected value to satisfy:
  <green>[Function is2]</color>
Received:
  <red>3</color>"
`;
