// Vitest Snapshot v1, https://vitest.dev/guide/snapshot.html

exports[`.not.toSatisfy > fails when given a function that returns true 1`] = `
"[2mexpect([22m[31mreceived[39m[2m).not.toSatisfy()[22m

Expected value to not satisfy:
  [32m[Function isTrue][39m
Received:
  [31mtrue[39m"
`;

exports[`.toSatisfy > fails when given function that returns false 1`] = `
"[2mexpect([22m[31mreceived[39m[2m).toSatisfy()[22m

Expected value to satisfy:
  [32m[Function is2][39m
Received:
  [31m3[39m"
`;
