// Jest Snapshot v1, https://goo.gl/fbAQLP

exports[`.not.toSatisfyAll fails when any value satisfies predicate 1`] = `
"<dim>expect(</intensity><red>received</color><dim>).not.toSatisfyAny(</intensity><green>expected</color><dim>)</intensity>

Expected array to not satisfy predicate for any value:
  <green>[Function isOdd]</color>
Received:
  <red>[2, 3, 6, 8]</color>"
`;

exports[`.toSatisfyAny fails when no value satisfies the predicate 1`] = `
"<dim>expect(</intensity><red>received</color><dim>).toSatisfyAny(</intensity><green>expected</color><dim>)</intensity>

Expected array to satisfy predicate for any values:
  <green>[Function isOdd]</color>
Received:
  <red>[2, 4, 6, 8]</color>"
`;
