// Jest Snapshot v1, https://goo.gl/fbAQLP

exports[`.toBeSimilar    should not pass if strings are not equal, not considering whitespaces 1`] = `
"<dim>expect(</><red>received</><dim>).not.toBeSimilar(</><green>expected</><dim>)</>

Expected values to not be equal while ignoring whitespace (using ===):
  <green>\\"</>
<green>            .class {<inverse> </></>
<green>                cssRule: value;<inverse> </></>
<green>            }</>
<green>        \\"</>

Received:
  <red>\\".class { cssRule: value; }\\"</>

Hint:

            .class { cssRule: value; }
        "
`;

exports[`.toBeSimilar    should pass if strings are equal irrespective of whitespaces 1`] = `
"<dim>expect(</><red>received</><dim>).toBeSimilar(</><green>expected</><dim>)</>

Expected values to be equal while ignoring whitespace (using ===):
  <green>\\"#id { cssRule: value; }\\"</>

Received:
  <red>\\".class { cssRule: value; }\\"</>

Hint:
<red>#id</><green>.class</> { cssRule: value; }"
`;
