// Jest Snapshot v1, https://goo.gl/fbAQLP

exports[`.not.toIncludeSameMembers fails when array contents match 1`] = `
"expect(received).not.toIncludeSameMembers(expected)

Expected list to not exactly match the members of:
  [1]
Received:
  [1]"
`;

exports[`.toIncludeSameMembers fails when the arrays are not equal in length 1`] = `
"expect(received).toIncludeSameMembers(expected)

Expected list to have the following members and no more:
  [1]
Received:
  [1, 2]"
`;
