// Jest Snapshot v1, https://goo.gl/fbAQLP

exports[`.not.toBeDate fails when given a date 1`] = `
"<dim>expect(</><red>received</><dim>).not.toBeDate()</>

Expected value to not be a date received:
  <red>2018-01-01T13:00:00.000Z</>"
`;

exports[`.toBeDate fails when not given a date 1`] = `
"<dim>expect(</><red>received</><dim>).toBeDate()</>

Expected value to be a date received:
  <red>false</>"
`;
