// Jest Snapshot v1, https://goo.gl/fbAQLP

exports[`.not.toContainKeys fails when object contains all keys 1`] = `
"expect(received).not.toContainKeys(expected)

Expected object to not contain all keys:
  [\\"a\\", \\"b\\", \\"c\\"]
Received:
  {\\"a\\": \\"foo\\", \\"b\\": \\"bar\\", \\"c\\": \\"baz\\"}"
`;

exports[`.toContainKeys fails when object does not contain all keys 1`] = `
"expect(received).toContainKeys(expected)

Expected object to contain all keys:
  [\\"a\\", \\"d\\"]
Received:
  {\\"a\\": \\"foo\\", \\"b\\": \\"bar\\", \\"c\\": \\"baz\\"}"
`;
