// Jest Snapshot v1, https://goo.gl/fbAQLP

exports[`.not.toContainKeys fails when object contains all keys 1`] = `
"<dim>expect(</><red>received</><dim>).not.toContainKeys(</><green>expected</><dim>)</>

Expected object to not contain all keys:
  <green>[\\"a\\", \\"b\\", \\"c\\"]</>
Received:
  <red>{\\"a\\": \\"foo\\", \\"b\\": \\"bar\\", \\"c\\": \\"baz\\"}</>"
`;

exports[`.toContainKeys fails when object does not contain all keys 1`] = `
"<dim>expect(</><red>received</><dim>).toContainKeys(</><green>expected</><dim>)</>

Expected object to contain all keys:
  <green>[\\"a\\", \\"d\\"]</>
Received:
  <red>{\\"a\\": \\"foo\\", \\"b\\": \\"bar\\", \\"c\\": \\"baz\\"}</>"
`;
