// Jest Snapshot v1, https://goo.gl/fbAQLP

exports[`.not.toContainAnyEntries fails when given object contains atleast one of the given entries 1`] = `
"expect(received).not.toContainAnyEntries(expected)

Expected object to not contain any of the provided entries:
  [[\\"a\\", \\"qux\\"], [\\"a\\", \\"foo\\"]]
Received:
  {\\"a\\": \\"foo\\", \\"b\\": \\"bar\\", \\"c\\": \\"baz\\"}"
`;

exports[`.toContainAnyEntries fails when given object does not contain any of the given entries 1`] = `
"expect(received).toContainAnyEntries(expected)

Expected object to contain any of the provided entries:
  [[\\"a\\", \\"qux\\"], [\\"b\\", \\"foo\\"]]
Received:
  {\\"a\\": \\"foo\\", \\"b\\": \\"bar\\", \\"c\\": \\"baz\\"}"
`;
