// Jest Snapshot v1, https://goo.gl/fbAQLP

exports[`.not.toBeNaN fails when given a non-number 1`] = `
"expect(received).not.toBeNaN()

Expected value to be a number received:
  undefined"
`;

exports[`.toBeNaN fails when given a number 1`] = `
"expect(received).toBeNaN()

Expected value to not be a number received:
  3"
`;
