// Jest Snapshot v1, https://goo.gl/fbAQLP

exports[`.not.toIncludeMultiple fails when string includes all substrings 1`] = `
"expect(received).not.toIncludeMultiple(expected)

Expected string to not contain all substrings: 
  [\\"hello\\", \\"world\\"]
Received: 
  \\"hello world\\""
`;

exports[`.toIncludeMultiple fails when string does not include all substrings 1`] = `
"expect(received).toIncludeMultiple(expected)

Expected string to contain all substrings: 
  [\\"hello\\", \\"world\\", \\"bob\\"]
Received:
  \\"hello world\\""
`;
