// Jest Snapshot v1, https://goo.gl/fbAQLP

exports[`.not.toSatisfyAll fails when all values satisfy predicate 1`] = `
"<dim>expect(</><red>received</><dim>).not.toSatisfyAll(</><green>expected</><dim>)</>

Expected array to not satisfy predicate for all values:
  <green>[Function isOdd]</>
Received:
  <red>[1, 3, 5, 7]</>"
`;

exports[`.toSatisfyAll fails when any value does not satisfy the predicate 1`] = `
"<dim>expect(</><red>received</><dim>).toSatisfyAll(</><green>expected</><dim>)</>

Expected array to satisfy predicate for all values:
  <green>[Function isOdd]</>
Received:
  <red>[1, 3, 4, 5]</>"
`;
