// Jest Snapshot v1, https://goo.gl/fbAQLP

exports[`.not.toBeString fails when given a string 1`] = `
"<dim>expect(</><red>received</><dim>).not.toBeString(</><dim>)</>

Expected value to not be a string received:
  <red>\\"a string\\"</>"
`;

exports[`.toBeString fails when not given a string 1`] = `
"<dim>expect(</><red>received</><dim>).toBeString(</><dim>)</>

Expected value to be a string:
  <green>true</>
Received:
  <red>false</>"
`;
