// Jest Snapshot v1, https://goo.gl/fbAQLP

exports[`.toInclude .not.toInclude fails when a string does have a given substring 1`] = `
"expect(received).not.toInclude(expected)

Expected string to not include:
  \\"ell\\"
Received:
  \\"hello world\\""
`;

exports[`.toInclude fails when a string does not have a given substring 1`] = `
"expect(received).toInclude(expected)

Expected string to include:
  \\"bob\\"
Received:
  \\"hello world\\""
`;
