// Jest Snapshot v1, https://goo.gl/fbAQLP

exports[`.not.toBePositive fails when given positive number 1`] = `
"<dim>expect(</><red>received</><dim>).not.toBePositive(</><dim>)</>

Expected value to not be positive received:
  <red>1</>"
`;

exports[`.toBePositive fails when not given positive number 1`] = `
"<dim>expect(</><red>received</><dim>).toBePositive(</><dim>)</>

Expected value to be positive:
  <green>true</>
Received:
  <red>-1</>"
`;
