// Jest Snapshot v1, https://goo.gl/fbAQLP

exports[`.not.toBeArray fails when given an array 1`] = `
"expect(received).not.toBeArray()

Expected value to not be an array received:
  []"
`;

exports[`.toBeArray fails when not given an array 1`] = `
"expect(received).toBeArray()

Expected value to be an array received:
  false"
`;
