// Jest Snapshot v1, https://goo.gl/fbAQLP

exports[`.not.toSatisfy fails when given a function that returns true 1`] = `
"expect(received).not.toSatisfy()

Expected value to not satisfy:
  [Function isTrue]
Received:
  true"
`;

exports[`.toSatisfy fails when given function that returns false 1`] = `
"expect(received).toSatisfy()

Expected value to satisfy:
  [Function is2]
Received:
  3"
`;
