// Jest Snapshot v1, https://goo.gl/fbAQLP

exports[`.not.toSatisfy fails when given a function that returns true 1`] = `
"<dim>expect(</><red>received</><dim>).not.toSatisfy()</>

Expected value to not satisfy:
  <green>[Function isTrue]</>
Received:
  <red>true</>"
`;

exports[`.toSatisfy fails when given function that returns false 1`] = `
"<dim>expect(</><red>received</><dim>).toSatisfy()</>

Expected value to satisfy:
  <green>[Function is2]</>
Received:
  <red>3</>"
`;
