// Jest Snapshot v1, https://goo.gl/fbAQLP

exports[`.not.toBeFunction fails when given a function 1`] = `
"expect(received).not.toBeFunction()

Expected value to not be a function, received:
  [Function anonymous]"
`;

exports[`.toBeFunction fails when not given a function 1`] = `
"expect(received).toBeFunction()

Expected to receive a function, received:
  false"
`;
