// Jest Snapshot v1, https://goo.gl/fbAQLP

exports[`.not.toEqualCaseInsensitive fails if strings do not match 1`] = `
"expect(received).not.toEqualCaseInsensitive(expected)

Expected values to not be equal while ignoring case (using ===):
  \\"aaaa\\"
Received:
  \\"aaaa\\""
`;

exports[`.toEqualCaseInsensitive passes if strings are equal despite case 1`] = `
"expect(received).toEqualCaseInsensitive(expected)

Expected values to be equal while ignoring case (using ===):
  \\"bbbb\\"
Received:
  \\"aaaa\\""
`;
