// Jest Snapshot v1, https://goo.gl/fbAQLP

exports[`.not.toBeTrue fails when given true 1`] = `
"expect(received).not.toBeTrue()

Expected value to not be true received:
  true"
`;

exports[`.toBeTrue fails when not given true 1`] = `
"expect(received).toBeTrue()

Expected value to be true:
  true
Received:
  false"
`;
