// Jest Snapshot v1, https://goo.gl/fbAQLP

exports[`.not.toContainKey fails when given object contains key 1`] = `
"expect(received).not.toContainKey(expected)

Expected object to not contain key:
  \\"hello\\"
Received:
  {\\"hello\\": \\"world\\"}"
`;

exports[`.toContainKey fails when given object does not contain key 1`] = `
"expect(received).toContainKey(expected)

Expected object to contain key:
  \\"missing\\"
Received:
  {\\"hello\\": \\"world\\"}"
`;
